Members:
 David Ellefson: bass
 David Mustaine: guitars
 Martin Friedman: guitars
 Nick Menza: drums
Stats:
 Guitars: 2
 Bass: 1
 Drums: 1
