Entre com a dimensao: entre com valor na posicao 1x1: entre com valor na posicao 1x2: entre com valor na posicao 1x3: entre com valor na posicao 2x1: entre com valor na posicao 2x2: entre com valor na posicao 2x3: entre com valor na posicao 3x1: entre com valor na posicao 3x2: entre com valor na posicao 3x3:
[ 1 9 5 ]
[ 3 7 8 ]
[ 10 4 2 ]
= 358
