Entre com a quantidade de alunos: Entre com o nome do aluno 1: Entre com o nome do aluno 2: Entre com o nome do aluno 3: Entre com a nota do aluno maria: Entre com a nota do aluno pedro: Entre com a nota do aluno paulo:
A menor nota foi do pedro com 5 pontos
A maior nota foi do paulo com 8 pontos
Media das notas: 6